main.c:128:5:main	120	static
main.c:431:6:SystemClock_Config	88	static
main.c:475:13:MX_TIM2_Init	32	static
main.c:520:13:MX_TIM3_Init	32	static
main.c:565:13:MX_TIM4_Init	32	static
main.c:610:13:MX_USART6_UART_Init	8	static
main.c:643:13:MX_GPIO_Init	40	static
main.c:735:6:HAL_UART_RxCpltCallback	16	static
main.c:755:7:HAL_TIM_PeriodElapsedCallback	16	static
main.c:929:6:HAL_GPIO_EXTI_Callback	16	static
main.c:959:7:delay_ms	24	static
main.c:969:7:Lcd_display_parameter	16	static
main.c:994:7:Process_GCode	10064	static
main.c:1033:7:Start_Motors_ByGCode	16	static
main.c:1092:7:runMotor	16	static
main.c:1137:6:Error_Handler	4	static
